=== SITE DESIGN HEAL — 2026-10-05 dry=0 audit_only=1 ===
flags: heal=True featured=True publish=True
SITE_DESIGN_STATUS: ACTION
SITE_DESIGN_SUMMARY: critical=0 high=2 medium=1 md=15105 heals=publish
HIGH: [A3] MD without HTML: 2 (recent≤7d: 1)
HIGH: [B3] new/changed MD missing HTML (≤7d)
SITE_DESIGN_BRIEF: /home/leedt/echo-system/echopedia/site-design-brief.md
SITE_DESIGN_HEAL: audit-only status=ACTION
=== SITE DESIGN AUDIT ===
SITE_DESIGN_STATUS: ACTION
SITE_DESIGN_SUMMARY: critical=0 high=2 medium=1 md=15105 heals=publish
HIGH: [A3] MD without HTML: 2 (recent≤7d: 1)
HIGH: [B3] new/changed MD missing HTML (≤7d)
SITE_DESIGN_BRIEF: /home/leedt/echo-system/echopedia/site-design-brief.md
## Site design audit — 2026-10-05 00:30

- pages_md=15105
- critical=0 high=2 medium=1
- heals_suggested=publish

### Summary
- **SITE_DESIGN_STATUS: ACTION**

### HIGH (2)
- **A3** MD without HTML: 2 (recent≤7d: 1) `[heal:publish]`
  - `people/林芸.md`
- **B3** new/changed MD missing HTML (≤7d) `[heal:publish]`
  - `people/林芸.md`

### MEDIUM (1)
- **F4** people/index.html is 1514464 bytes — heavy on mobile. Do NOT hand-edit content/people/index.md. Search-first is the IA; regen script only if links break.

### LOW (1)
- **C1** spelling signals (sample): 2 `[AGENT_SUGGESTED]`
  - `taiwaneseamericanhistory-org.md: teh→the`
  - `presbyterian-church-in-taiwan.md: teh→the`

### INFO (2)
- **B2** pinned featured pages: 6 (cap 6 people + 3 orgs; overflow hides recency)
  - `people/albert-s-lai.md`
  - `people/liao-shu-zong.md`
  - `people/lin-fu-kun.md`
  - `people/lin-yuan-ching.md`
  - `people/yang-jia-you.md`
  - `people/yang-xin.md`
- **B1** person/org touched ≤7d (rely on recency featured window): 1521
  - `people/a-n-liu.md`
  - `people/abby-hong.md`
  - `people/adam-chang.md`
  - `people/adrian-lin.md`
  - `people/agnes-hsiao.md`
  - `people/agnes-wu.md`
  - `people/ai-jen-poo.md`
  - `people/alan-su.md`

### Programmable heals
- publish

### P13 agent scope
- Only items marked AGENT_SUGGESTED or human-directed layout marker fixes.
- Canon: echopedia/SITE_DESIGN.md
