=== SITE DESIGN HEAL — 2026-08-20 dry=0 audit_only=1 ===
flags: heal=True featured=True publish=True
SITE_DESIGN_STATUS: ACTION
SITE_DESIGN_SUMMARY: critical=0 high=3 medium=1 md=2854 heals=publish
HIGH: [A3] MD without HTML: 1 (recent≤7d: 1)
HIGH: [B3] new/changed MD missing HTML (≤7d)
HIGH: [B2] pinned featured pages: 47 (cap 6 people + 3 orgs; overflow hides recency)
SITE_DESIGN_BRIEF: /home/leedt/echo-system/echopedia/site-design-brief.md
SITE_DESIGN_HEAL: audit-only status=ACTION
=== SITE DESIGN AUDIT ===
SITE_DESIGN_STATUS: ACTION
SITE_DESIGN_SUMMARY: critical=0 high=3 medium=1 md=2854 heals=publish
HIGH: [A3] MD without HTML: 1 (recent≤7d: 1)
HIGH: [B3] new/changed MD missing HTML (≤7d)
HIGH: [B2] pinned featured pages: 47 (cap 6 people + 3 orgs; overflow hides recency)
SITE_DESIGN_BRIEF: /home/leedt/echo-system/echopedia/site-design-brief.md
## Site design audit — 2026-08-20 07:49

- pages_md=2854
- critical=0 high=3 medium=1
- heals_suggested=publish

### Summary
- **SITE_DESIGN_STATUS: ACTION**

### HIGH (3)
- **A3** MD without HTML: 1 (recent≤7d: 1) `[heal:publish]`
  - `events/sc-presbyterian-church--news_pct.aspx.md`
- **B3** new/changed MD missing HTML (≤7d) `[heal:publish]`
  - `events/sc-presbyterian-church--news_pct.aspx.md`
- **B2** pinned featured pages: 47 (cap 6 people + 3 orgs; overflow hides recency)
  - `people/albert-s-lai.md`
  - `people/anne-shih.md`
  - `people/bob-j-wu.md`
  - `people/chen-wenxue.md`
  - `people/chen-zhefu-xu-chunhui.md`
  - `people/choan-seng-song.md`
  - `people/fan-qingliang.md`
  - `people/franklin-ping-cheng.md`

### MEDIUM (1)
- **F4** people/index.html is 1468780 bytes — heavy on mobile. Do NOT hand-edit content/people/index.md. Search-first is the IA; regen script only if links break.

### LOW (1)
- **C1** spelling signals (sample): 3 `[AGENT_SUGGESTED]`
  - `yang-ziqing.md: ?ziqing`
  - `yang-yueqing.md: ?yueqing`
  - `wang-qiaoling.md: ?qiaoling`

### INFO (1)
- **B1** person/org touched ≤7d (rely on recency featured window): 2625
  - `people/a-n-liu.md`
  - `people/abby-hong.md`
  - `people/adam-chang.md`
  - `people/adrian-lin.md`
  - `people/agnes-hsiao.md`
  - `people/agnes-hsu.md`
  - `people/agnes-wu.md`
  - `people/ahhee-hsu.md`

### Programmable heals
- publish

### P13 agent scope
- Only items marked AGENT_SUGGESTED or human-directed layout marker fixes.
- Canon: echopedia/SITE_DESIGN.md
