=== SITE DESIGN HEAL — 2026-08-27 dry=0 audit_only=1 ===
flags: heal=True featured=True publish=True
SITE_DESIGN_STATUS: ACTION
SITE_DESIGN_SUMMARY: critical=0 high=1 medium=1 md=5271 heals=none
HIGH: [B2] pinned featured pages: 47 (cap 6 people + 3 orgs; overflow hides recency)
SITE_DESIGN_BRIEF: /home/leedt/echo-system/echopedia/site-design-brief.md
SITE_DESIGN_HEAL: audit-only status=ACTION
=== SITE DESIGN AUDIT ===
SITE_DESIGN_STATUS: ACTION
SITE_DESIGN_SUMMARY: critical=0 high=1 medium=1 md=5271 heals=none
HIGH: [B2] pinned featured pages: 47 (cap 6 people + 3 orgs; overflow hides recency)
SITE_DESIGN_BRIEF: /home/leedt/echo-system/echopedia/site-design-brief.md
## Site design audit — 2026-08-27 10:25

- pages_md=5271
- critical=0 high=1 medium=1
- heals_suggested=none

### Summary
- **SITE_DESIGN_STATUS: ACTION**

### HIGH (1)
- **B2** pinned featured pages: 47 (cap 6 people + 3 orgs; overflow hides recency)
  - `people/albert-s-lai.md`
  - `people/anne-shih.md`
  - `people/bob-j-wu.md`
  - `people/chen-wenxue.md`
  - `people/chen-zhefu-xu-chunhui.md`
  - `people/choan-seng-song.md`
  - `people/fan-qingliang.md`
  - `people/franklin-ping-cheng.md`

### MEDIUM (1)
- **F4** people/index.html is 1491824 bytes — heavy on mobile. Do NOT hand-edit content/people/index.md. Search-first is the IA; regen script only if links break.

### LOW (1)
- **C1** spelling signals (sample): 3 `[AGENT_SUGGESTED]`
  - `yang-ziqing.md: ?ziqing`
  - `yang-yueqing.md: ?yueqing`
  - `wang-qiaoling.md: ?qiaoling`

### INFO (1)
- **B1** person/org touched ≤7d (rely on recency featured window): 70
  - `people/alan-thian.md`
  - `people/bai-peiyu.md`
  - `people/bai-weiwei.md`
  - `people/cai-shunyu.md`
  - `people/cao-changqing.md`
  - `people/chao-sile.md`
  - `people/chen-bozhi.md`
  - `people/chen-maoxiong.md`

### Programmable heals
- (none)

### P13 agent scope
- Only items marked AGENT_SUGGESTED or human-directed layout marker fixes.
- Canon: echopedia/SITE_DESIGN.md
